namespace HealthChecks.AzureStorage
{
    public class AzureBlobStorageHealthCheck : Microsoft.Extensions.Diagnostics.HealthChecks.IHealthCheck
    {
        public AzureBlobStorageHealthCheck(Azure.Storage.Blobs.BlobServiceClient blobServiceClient, Microsoft.Extensions.Options.IOptionsSnapshot<HealthChecks.AzureStorage.BlobStorageHealthCheckOptions> options) { }
        public AzureBlobStorageHealthCheck(string connectionString, string? containerName = null, Azure.Storage.Blobs.BlobClientOptions? clientOptions = null) { }
        public AzureBlobStorageHealthCheck(System.Uri blobServiceUri, Azure.Core.TokenCredential credential, string? containerName = null, Azure.Storage.Blobs.BlobClientOptions? clientOptions = null) { }
        public System.Threading.Tasks.Task<Microsoft.Extensions.Diagnostics.HealthChecks.HealthCheckResult> CheckHealthAsync(Microsoft.Extensions.Diagnostics.HealthChecks.HealthCheckContext context, System.Threading.CancellationToken cancellationToken = default) { }
    }
    public class AzureFileShareHealthCheck : Microsoft.Extensions.Diagnostics.HealthChecks.IHealthCheck
    {
        public AzureFileShareHealthCheck(Azure.Storage.Files.Shares.ShareServiceClient shareServiceClient, Microsoft.Extensions.Options.IOptionsSnapshot<HealthChecks.AzureStorage.FileShareHealthCheckOptions> options) { }
        public AzureFileShareHealthCheck(string connectionString, string? shareName = null) { }
        public System.Threading.Tasks.Task<Microsoft.Extensions.Diagnostics.HealthChecks.HealthCheckResult> CheckHealthAsync(Microsoft.Extensions.Diagnostics.HealthChecks.HealthCheckContext context, System.Threading.CancellationToken cancellationToken = default) { }
    }
    public class AzureQueueStorageHealthCheck : Microsoft.Extensions.Diagnostics.HealthChecks.IHealthCheck
    {
        public AzureQueueStorageHealthCheck(Azure.Storage.Queues.QueueServiceClient queueServiceClient, Microsoft.Extensions.Options.IOptionsSnapshot<HealthChecks.AzureStorage.QueueStorageHealthCheckOptions> options) { }
        public AzureQueueStorageHealthCheck(string connectionString, string? queueName = null) { }
        public AzureQueueStorageHealthCheck(System.Uri queueServiceUri, Azure.Core.TokenCredential credential, string? queueName = null) { }
        public System.Threading.Tasks.Task<Microsoft.Extensions.Diagnostics.HealthChecks.HealthCheckResult> CheckHealthAsync(Microsoft.Extensions.Diagnostics.HealthChecks.HealthCheckContext context, System.Threading.CancellationToken cancellationToken = default) { }
    }
    public sealed class BlobStorageHealthCheckOptions
    {
        public BlobStorageHealthCheckOptions() { }
        public string? ContainerName { get; set; }
    }
    public sealed class FileShareHealthCheckOptions
    {
        public FileShareHealthCheckOptions() { }
        public string? ShareName { get; set; }
    }
    public sealed class QueueStorageHealthCheckOptions
    {
        public QueueStorageHealthCheckOptions() { }
        public string? QueueName { get; set; }
    }
}
namespace Microsoft.Extensions.DependencyInjection
{
    public static class AzureStorageHealthCheckBuilderExtensions
    {
        public static Microsoft.Extensions.DependencyInjection.IHealthChecksBuilder AddAzureBlobStorage(this Microsoft.Extensions.DependencyInjection.IHealthChecksBuilder builder, System.Action<HealthChecks.AzureStorage.BlobStorageHealthCheckOptions>? configureOptions = null, string? name = null, Microsoft.Extensions.Diagnostics.HealthChecks.HealthStatus? failureStatus = default, System.Collections.Generic.IEnumerable<string>? tags = null, System.TimeSpan? timeout = default) { }
        public static Microsoft.Extensions.DependencyInjection.IHealthChecksBuilder AddAzureBlobStorage(this Microsoft.Extensions.DependencyInjection.IHealthChecksBuilder builder, string connectionString, string? containerName = null, Azure.Storage.Blobs.BlobClientOptions? clientOptions = null, string? name = null, Microsoft.Extensions.Diagnostics.HealthChecks.HealthStatus? failureStatus = default, System.Collections.Generic.IEnumerable<string>? tags = null, System.TimeSpan? timeout = default) { }
        public static Microsoft.Extensions.DependencyInjection.IHealthChecksBuilder AddAzureBlobStorage(this Microsoft.Extensions.DependencyInjection.IHealthChecksBuilder builder, System.Uri blobServiceUri, Azure.Core.TokenCredential credential, string? containerName = null, Azure.Storage.Blobs.BlobClientOptions? clientOptions = null, string? name = null, Microsoft.Extensions.Diagnostics.HealthChecks.HealthStatus? failureStatus = default, System.Collections.Generic.IEnumerable<string>? tags = null, System.TimeSpan? timeout = default) { }
        public static Microsoft.Extensions.DependencyInjection.IHealthChecksBuilder AddAzureFileShare(this Microsoft.Extensions.DependencyInjection.IHealthChecksBuilder builder, System.Action<HealthChecks.AzureStorage.FileShareHealthCheckOptions>? configureOptions = null, string? name = null, Microsoft.Extensions.Diagnostics.HealthChecks.HealthStatus? failureStatus = default, System.Collections.Generic.IEnumerable<string>? tags = null, System.TimeSpan? timeout = default) { }
        public static Microsoft.Extensions.DependencyInjection.IHealthChecksBuilder AddAzureFileShare(this Microsoft.Extensions.DependencyInjection.IHealthChecksBuilder builder, string connectionString, string? shareName = null, string? name = null, Microsoft.Extensions.Diagnostics.HealthChecks.HealthStatus? failureStatus = default, System.Collections.Generic.IEnumerable<string>? tags = null, System.TimeSpan? timeout = default) { }
        public static Microsoft.Extensions.DependencyInjection.IHealthChecksBuilder AddAzureQueueStorage(this Microsoft.Extensions.DependencyInjection.IHealthChecksBuilder builder, System.Action<HealthChecks.AzureStorage.QueueStorageHealthCheckOptions>? configureOptions = null, string? name = null, Microsoft.Extensions.Diagnostics.HealthChecks.HealthStatus? failureStatus = default, System.Collections.Generic.IEnumerable<string>? tags = null, System.TimeSpan? timeout = default) { }
        public static Microsoft.Extensions.DependencyInjection.IHealthChecksBuilder AddAzureQueueStorage(this Microsoft.Extensions.DependencyInjection.IHealthChecksBuilder builder, string connectionString, string? queueName = null, string? name = null, Microsoft.Extensions.Diagnostics.HealthChecks.HealthStatus? failureStatus = default, System.Collections.Generic.IEnumerable<string>? tags = null, System.TimeSpan? timeout = default) { }
        public static Microsoft.Extensions.DependencyInjection.IHealthChecksBuilder AddAzureQueueStorage(this Microsoft.Extensions.DependencyInjection.IHealthChecksBuilder builder, System.Uri queueServiceUri, Azure.Core.TokenCredential credential, string? queueName = null, string? name = null, Microsoft.Extensions.Diagnostics.HealthChecks.HealthStatus? failureStatus = default, System.Collections.Generic.IEnumerable<string>? tags = null, System.TimeSpan? timeout = default) { }
    }
}