namespace HealthChecks.Qdrant
{
    public class QdrantHealthCheck : Microsoft.Extensions.Diagnostics.HealthChecks.IHealthCheck
    {
        public QdrantHealthCheck(HealthChecks.Qdrant.QdrantHealthCheckOptions options) { }
        public System.Threading.Tasks.Task<Microsoft.Extensions.Diagnostics.HealthChecks.HealthCheckResult> CheckHealthAsync(Microsoft.Extensions.Diagnostics.HealthChecks.HealthCheckContext context, System.Threading.CancellationToken cancellationToken = default) { }
    }
    public class QdrantHealthCheckOptions
    {
        public QdrantHealthCheckOptions() { }
        public string? ApiKey { get; set; }
        public Qdrant.Client.QdrantClient? Client { get; set; }
        public System.Uri? ConnectionUri { get; set; }
        public System.TimeSpan RequestedConnectionTimeout { get; set; }
    }
}
namespace Microsoft.Extensions.DependencyInjection
{
    public static class QdrantHealthCheckBuilderExtensions
    {
        public static Microsoft.Extensions.DependencyInjection.IHealthChecksBuilder AddQdrant(this Microsoft.Extensions.DependencyInjection.IHealthChecksBuilder builder, string? name = null, Microsoft.Extensions.Diagnostics.HealthChecks.HealthStatus? failureStatus = default, System.Collections.Generic.IEnumerable<string>? tags = null, System.TimeSpan? timeout = default) { }
        public static Microsoft.Extensions.DependencyInjection.IHealthChecksBuilder AddQdrant(this Microsoft.Extensions.DependencyInjection.IHealthChecksBuilder builder, System.Action<HealthChecks.Qdrant.QdrantHealthCheckOptions>? setup, string? name = null, Microsoft.Extensions.Diagnostics.HealthChecks.HealthStatus? failureStatus = default, System.Collections.Generic.IEnumerable<string>? tags = null, System.TimeSpan? timeout = default) { }
        public static Microsoft.Extensions.DependencyInjection.IHealthChecksBuilder AddQdrant(this Microsoft.Extensions.DependencyInjection.IHealthChecksBuilder builder, System.Action<System.IServiceProvider, HealthChecks.Qdrant.QdrantHealthCheckOptions>? setup, string? name = null, Microsoft.Extensions.Diagnostics.HealthChecks.HealthStatus? failureStatus = default, System.Collections.Generic.IEnumerable<string>? tags = null, System.TimeSpan? timeout = default) { }
        public static Microsoft.Extensions.DependencyInjection.IHealthChecksBuilder AddQdrant(this Microsoft.Extensions.DependencyInjection.IHealthChecksBuilder builder, string qdrantConnectionString, string? name = null, Microsoft.Extensions.Diagnostics.HealthChecks.HealthStatus? failureStatus = default, System.Collections.Generic.IEnumerable<string>? tags = null, System.TimeSpan? timeout = default) { }
        public static Microsoft.Extensions.DependencyInjection.IHealthChecksBuilder AddQdrant(this Microsoft.Extensions.DependencyInjection.IHealthChecksBuilder builder, System.Uri qdrantConnectionString, string? name = null, Microsoft.Extensions.Diagnostics.HealthChecks.HealthStatus? failureStatus = default, System.Collections.Generic.IEnumerable<string>? tags = null, System.TimeSpan? timeout = default) { }
    }
}